[      28 ms] [main      ] SYSTEM_START       workload=workloads/jobs_printer.csv policy=priority workers=3 printer=1 database=2
[      35 ms] [main      ] SYSTEM             ?????????? 6 ????
[      42 ms] [generator ] JOB_ARRIVED        job=P01 priority=2 work=250ms resource=PRINTER(1200ms)
[      47 ms] [scheduler ] SYSTEM             job=P01 READY
[      48 ms] [worker-1  ] JOB_STARTED        job=P01 priority=2
[      52 ms] [monitor   ] MONITOR            ready=0 running=0 completed=0 printer=0/1  database=0/2
[     142 ms] [generator ] JOB_ARRIVED        job=P02 priority=1 work=300ms resource=PRINTER(1200ms)
[     145 ms] [scheduler ] SYSTEM             job=P02 READY
[     145 ms] [worker-3  ] JOB_STARTED        job=P02 priority=1
[     241 ms] [generator ] JOB_ARRIVED        job=P03 priority=3 work=250ms resource=PRINTER(1200ms)
[     241 ms] [scheduler ] SYSTEM             job=P03 READY
[     241 ms] [worker-2  ] JOB_STARTED        job=P03 priority=3
[     305 ms] [worker-1  ] WORK_FINISHED      job=P01
[     310 ms] [worker-1  ] RESOURCE_WAIT      job=P01 resource=PRINTER
[     315 ms] [worker-1  ] RESOURCE_ACQUIRED  job=P01 resource=PRINTER waited=4ms
[     344 ms] [generator ] JOB_ARRIVED        job=P04 priority=2 work=300ms resource=PRINTER(1200ms)
[     344 ms] [scheduler ] SYSTEM             job=P04 READY
[     441 ms] [generator ] JOB_ARRIVED        job=P05 priority=1 work=250ms resource=PRINTER(1200ms)
[     442 ms] [scheduler ] SYSTEM             job=P05 READY
[     446 ms] [worker-3  ] WORK_FINISHED      job=P02
[     446 ms] [worker-3  ] RESOURCE_WAIT      job=P02 resource=PRINTER
[     501 ms] [worker-2  ] WORK_FINISHED      job=P03
[     501 ms] [worker-2  ] RESOURCE_WAIT      job=P03 resource=PRINTER
[     541 ms] [generator ] JOB_ARRIVED        job=P06 priority=3 work=300ms resource=PRINTER(1200ms)
[     542 ms] [scheduler ] SYSTEM             job=P06 READY
[    1053 ms] [monitor   ] MONITOR            ready=4 running=0 completed=0 printer=1/1  database=0/2
[    1516 ms] [worker-1  ] RESOURCE_RELEASED  job=P01 resource=PRINTER
[    1516 ms] [worker-3  ] RESOURCE_ACQUIRED  job=P02 resource=PRINTER waited=1070ms
[    1516 ms] [worker-1  ] JOB_COMPLETED      job=P01
[    1516 ms] [worker-1  ] JOB_STARTED        job=P05 priority=1
[    1774 ms] [worker-1  ] WORK_FINISHED      job=P05
[    1774 ms] [worker-1  ] RESOURCE_WAIT      job=P05 resource=PRINTER
[    2056 ms] [monitor   ] MONITOR            ready=3 running=0 completed=1 printer=1/1  database=0/2
[    2729 ms] [worker-3  ] RESOURCE_RELEASED  job=P02 resource=PRINTER
[    2729 ms] [worker-2  ] RESOURCE_ACQUIRED  job=P03 resource=PRINTER waited=2228ms
[    2729 ms] [worker-3  ] JOB_COMPLETED      job=P02
[    2729 ms] [worker-3  ] JOB_STARTED        job=P04 priority=2
[    3031 ms] [worker-3  ] WORK_FINISHED      job=P04
[    3031 ms] [worker-3  ] RESOURCE_WAIT      job=P04 resource=PRINTER
[    3062 ms] [monitor   ] MONITOR            ready=2 running=0 completed=2 printer=1/1  database=0/2
[    3930 ms] [worker-2  ] RESOURCE_RELEASED  job=P03 resource=PRINTER
[    3930 ms] [worker-1  ] RESOURCE_ACQUIRED  job=P05 resource=PRINTER waited=2156ms
[    3931 ms] [worker-2  ] JOB_COMPLETED      job=P03
[    3931 ms] [worker-2  ] JOB_STARTED        job=P06 priority=3
[    4066 ms] [monitor   ] MONITOR            ready=1 running=0 completed=3 printer=1/1  database=0/2
[    4242 ms] [worker-2  ] WORK_FINISHED      job=P06
[    4242 ms] [worker-2  ] RESOURCE_WAIT      job=P06 resource=PRINTER
[    5066 ms] [monitor   ] MONITOR            ready=1 running=0 completed=3 printer=1/1  database=0/2
[    5141 ms] [worker-1  ] RESOURCE_RELEASED  job=P05 resource=PRINTER
[    5141 ms] [worker-3  ] RESOURCE_ACQUIRED  job=P04 resource=PRINTER waited=2110ms
[    5142 ms] [worker-1  ] JOB_COMPLETED      job=P05
[    5143 ms] [worker-1  ] SYSTEM             worker-1 finished, no more jobs
[    6068 ms] [monitor   ] MONITOR            ready=1 running=0 completed=4 printer=1/1  database=0/2
[    6345 ms] [worker-3  ] RESOURCE_RELEASED  job=P04 resource=PRINTER
[    6345 ms] [worker-2  ] RESOURCE_ACQUIRED  job=P06 resource=PRINTER waited=2103ms
[    6345 ms] [worker-3  ] JOB_COMPLETED      job=P04
[    6346 ms] [worker-3  ] SYSTEM             worker-3 finished, no more jobs
[    7081 ms] [monitor   ] MONITOR            ready=1 running=0 completed=5 printer=1/1  database=0/2
[    7547 ms] [worker-2  ] RESOURCE_RELEASED  job=P06 resource=PRINTER
[    7548 ms] [worker-2  ] JOB_COMPLETED      job=P06
[    7548 ms] [worker-2  ] SYSTEM             worker-2 finished, no more jobs
Average Waiting Time: 1142.00 ms
Average Turnaround Time: 4243.00 ms
Throughput: 0.80 jobs/sec
Average Resource Wait Time: 1611.00 ms
[    7552 ms] [main      ] SYSTEM_STOP        completed=6/6
