[      20 ms] [main      ] SYSTEM_START       workload=workloads/jobs_standard.csv policy=priority workers=3 printer=1 database=2
[      24 ms] [main      ] SYSTEM             ?????????? 10 ????
[      31 ms] [generator ] JOB_ARRIVED        job=J01 priority=5 work=2500ms
[      35 ms] [scheduler ] SYSTEM             job=J01 READY
[      37 ms] [worker-1  ] JOB_STARTED        job=J01 priority=5
[      39 ms] [monitor   ] MONITOR            ready=0 running=0 completed=0 printer=0/1  database=0/2
[     131 ms] [generator ] JOB_ARRIVED        job=J02 priority=5 work=2400ms resource=PRINTER(1200ms)
[     134 ms] [scheduler ] SYSTEM             job=J02 READY
[     134 ms] [worker-2  ] JOB_STARTED        job=J02 priority=5
[     231 ms] [generator ] JOB_ARRIVED        job=J03 priority=5 work=2500ms
[     231 ms] [scheduler ] SYSTEM             job=J03 READY
[     231 ms] [worker-3  ] JOB_STARTED        job=J03 priority=5
[     331 ms] [generator ] JOB_ARRIVED        job=J04 priority=5 work=2400ms resource=DATABASE(1000ms)
[     332 ms] [scheduler ] SYSTEM             job=J04 READY
[     430 ms] [generator ] JOB_ARRIVED        job=J05 priority=5 work=2500ms resource=PRINTER(1200ms)
[     430 ms] [scheduler ] SYSTEM             job=J05 READY
[     541 ms] [generator ] JOB_ARRIVED        job=J06 priority=4 work=2400ms resource=DATABASE(1000ms)
[     541 ms] [scheduler ] SYSTEM             job=J06 READY
[    1031 ms] [generator ] JOB_ARRIVED        job=J07 priority=1 work=700ms resource=PRINTER(900ms)
[    1031 ms] [scheduler ] SYSTEM             job=J07 READY
[    1040 ms] [monitor   ] MONITOR            ready=4 running=3 completed=0 printer=0/1  database=0/2
[    1232 ms] [generator ] JOB_ARRIVED        job=J08 priority=1 work=600ms resource=PRINTER(900ms)
[    1232 ms] [scheduler ] SYSTEM             job=J08 READY
[    1431 ms] [generator ] JOB_ARRIVED        job=J09 priority=1 work=700ms resource=DATABASE(900ms)
[    1432 ms] [scheduler ] SYSTEM             job=J09 READY
[    1630 ms] [generator ] JOB_ARRIVED        job=J10 priority=2 work=600ms
[    1631 ms] [scheduler ] SYSTEM             job=J10 READY
[    2041 ms] [monitor   ] MONITOR            ready=8 running=3 completed=0 printer=0/1  database=0/2
[    2538 ms] [worker-2  ] WORK_FINISHED      job=J02
[    2538 ms] [worker-1  ] WORK_FINISHED      job=J01
[    2538 ms] [worker-1  ] JOB_COMPLETED      job=J01
[    2538 ms] [worker-1  ] JOB_STARTED        job=J07 priority=1
[    2541 ms] [worker-2  ] RESOURCE_WAIT      job=J02 resource=PRINTER
[    2546 ms] [worker-2  ] RESOURCE_ACQUIRED  job=J02 resource=PRINTER waited=4ms
[    2733 ms] [worker-3  ] WORK_FINISHED      job=J03
[    2733 ms] [worker-3  ] JOB_COMPLETED      job=J03
[    2734 ms] [worker-3  ] JOB_STARTED        job=J08 priority=1
[    3052 ms] [monitor   ] MONITOR            ready=6 running=3 completed=2 printer=1/1  database=0/2
[    3238 ms] [worker-1  ] WORK_FINISHED      job=J07
[    3239 ms] [worker-1  ] RESOURCE_WAIT      job=J07 resource=PRINTER
[    3348 ms] [worker-3  ] WORK_FINISHED      job=J08
[    3348 ms] [worker-3  ] RESOURCE_WAIT      job=J08 resource=PRINTER
[    3750 ms] [worker-2  ] RESOURCE_RELEASED  job=J02 resource=PRINTER
[    3750 ms] [worker-1  ] RESOURCE_ACQUIRED  job=J07 resource=PRINTER waited=511ms
[    3750 ms] [worker-2  ] JOB_COMPLETED      job=J02
[    3750 ms] [worker-2  ] JOB_STARTED        job=J09 priority=1
[    4057 ms] [monitor   ] MONITOR            ready=5 running=3 completed=3 printer=1/1  database=0/2
[    4464 ms] [worker-2  ] WORK_FINISHED      job=J09
[    4464 ms] [worker-2  ] RESOURCE_WAIT      job=J09 resource=DATABASE
[    4464 ms] [worker-2  ] RESOURCE_ACQUIRED  job=J09 resource=DATABASE waited=0ms
[    4655 ms] [worker-1  ] RESOURCE_RELEASED  job=J07 resource=PRINTER
[    4655 ms] [worker-1  ] JOB_COMPLETED      job=J07
[    4655 ms] [worker-3  ] RESOURCE_ACQUIRED  job=J08 resource=PRINTER waited=1307ms
[    4655 ms] [worker-1  ] JOB_STARTED        job=J10 priority=2
[    5058 ms] [monitor   ] MONITOR            ready=4 running=3 completed=4 printer=1/1  database=1/2
[    5266 ms] [worker-1  ] WORK_FINISHED      job=J10
[    5267 ms] [worker-1  ] JOB_COMPLETED      job=J10
[    5267 ms] [worker-1  ] JOB_STARTED        job=J06 priority=4
[    5377 ms] [worker-2  ] RESOURCE_RELEASED  job=J09 resource=DATABASE
[    5377 ms] [worker-2  ] JOB_COMPLETED      job=J09
[    5377 ms] [worker-2  ] JOB_STARTED        job=J04 priority=5
[    5564 ms] [worker-3  ] RESOURCE_RELEASED  job=J08 resource=PRINTER
[    5564 ms] [worker-3  ] JOB_COMPLETED      job=J08
[    5564 ms] [worker-3  ] JOB_STARTED        job=J05 priority=5
[    6066 ms] [monitor   ] MONITOR            ready=1 running=3 completed=7 printer=0/1  database=0/2
[    7067 ms] [monitor   ] MONITOR            ready=1 running=3 completed=7 printer=0/1  database=0/2
[    7670 ms] [worker-1  ] WORK_FINISHED      job=J06
[    7670 ms] [worker-1  ] RESOURCE_WAIT      job=J06 resource=DATABASE
[    7670 ms] [worker-1  ] RESOURCE_ACQUIRED  job=J06 resource=DATABASE waited=0ms
[    7781 ms] [worker-2  ] WORK_FINISHED      job=J04
[    7781 ms] [worker-2  ] RESOURCE_WAIT      job=J04 resource=DATABASE
[    7781 ms] [worker-2  ] RESOURCE_ACQUIRED  job=J04 resource=DATABASE waited=0ms
[    8070 ms] [monitor   ] MONITOR            ready=1 running=3 completed=7 printer=0/1  database=2/2
[    8070 ms] [worker-3  ] WORK_FINISHED      job=J05
[    8070 ms] [worker-3  ] RESOURCE_WAIT      job=J05 resource=PRINTER
[    8071 ms] [worker-3  ] RESOURCE_ACQUIRED  job=J05 resource=PRINTER waited=1ms
[    8675 ms] [worker-1  ] RESOURCE_RELEASED  job=J06 resource=DATABASE
[    8675 ms] [worker-1  ] JOB_COMPLETED      job=J06
[    8675 ms] [worker-1  ] SYSTEM             worker-1 finished, no more jobs
[    8784 ms] [worker-2  ] RESOURCE_RELEASED  job=J04 resource=DATABASE
[    8784 ms] [worker-2  ] JOB_COMPLETED      job=J04
[    8784 ms] [worker-2  ] SYSTEM             worker-2 finished, no more jobs
[    9073 ms] [monitor   ] MONITOR            ready=1 running=1 completed=9 printer=1/1  database=0/2
[    9277 ms] [worker-3  ] RESOURCE_RELEASED  job=J05 resource=PRINTER
[    9277 ms] [worker-3  ] JOB_COMPLETED      job=J05
[    9277 ms] [worker-3  ] SYSTEM             worker-3 finished, no more jobs
===== Summary =====
Completed Jobs: 10
Average Waiting Time: 2326 ms
Average Turnaround Time: 4960 ms
Throughput: 1.08 jobs/sec
Average Resource Wait Time: 260 ms
[    9279 ms] [main      ] SYSTEM_STOP        completed=10/10
