[      21 ms] [main      ] SYSTEM_START       workload=workloads/jobs_standard.csv policy=priority workers=5 printer=1 database=2
[      25 ms] [main      ] SYSTEM             ?????????? 10 ????
[      33 ms] [generator ] JOB_ARRIVED        job=J01 priority=5 work=2500ms
[      38 ms] [scheduler ] SYSTEM             job=J01 READY
[      39 ms] [worker-2  ] JOB_STARTED        job=J01 priority=5
[      43 ms] [monitor   ] MONITOR            ready=0 running=0 completed=0 printer=0/1  database=0/2
[     133 ms] [generator ] JOB_ARRIVED        job=J02 priority=5 work=2400ms resource=PRINTER(1200ms)
[     133 ms] [scheduler ] SYSTEM             job=J02 READY
[     133 ms] [worker-5  ] JOB_STARTED        job=J02 priority=5
[     233 ms] [generator ] JOB_ARRIVED        job=J03 priority=5 work=2500ms
[     233 ms] [scheduler ] SYSTEM             job=J03 READY
[     233 ms] [worker-3  ] JOB_STARTED        job=J03 priority=5
[     333 ms] [generator ] JOB_ARRIVED        job=J04 priority=5 work=2400ms resource=DATABASE(1000ms)
[     333 ms] [scheduler ] SYSTEM             job=J04 READY
[     333 ms] [worker-4  ] JOB_STARTED        job=J04 priority=5
[     433 ms] [generator ] JOB_ARRIVED        job=J05 priority=5 work=2500ms resource=PRINTER(1200ms)
[     433 ms] [scheduler ] SYSTEM             job=J05 READY
[     434 ms] [worker-1  ] JOB_STARTED        job=J05 priority=5
[     533 ms] [generator ] JOB_ARRIVED        job=J06 priority=4 work=2400ms resource=DATABASE(1000ms)
[     533 ms] [scheduler ] SYSTEM             job=J06 READY
[    1033 ms] [generator ] JOB_ARRIVED        job=J07 priority=1 work=700ms resource=PRINTER(900ms)
[    1034 ms] [scheduler ] SYSTEM             job=J07 READY
[    1045 ms] [monitor   ] MONITOR            ready=2 running=0 completed=0 printer=0/1  database=0/2
[    1233 ms] [generator ] JOB_ARRIVED        job=J08 priority=1 work=600ms resource=PRINTER(900ms)
[    1234 ms] [scheduler ] SYSTEM             job=J08 READY
[    1433 ms] [generator ] JOB_ARRIVED        job=J09 priority=1 work=700ms resource=DATABASE(900ms)
[    1433 ms] [scheduler ] SYSTEM             job=J09 READY
[    1632 ms] [generator ] JOB_ARRIVED        job=J10 priority=2 work=600ms
[    1633 ms] [scheduler ] SYSTEM             job=J10 READY
[    2046 ms] [monitor   ] MONITOR            ready=6 running=0 completed=0 printer=0/1  database=0/2
[    2547 ms] [worker-2  ] WORK_FINISHED      job=J01
[    2547 ms] [worker-2  ] JOB_COMPLETED      job=J01
[    2547 ms] [worker-5  ] WORK_FINISHED      job=J02
[    2547 ms] [worker-2  ] JOB_STARTED        job=J07 priority=1
[    2550 ms] [worker-5  ] RESOURCE_WAIT      job=J02 resource=PRINTER
[    2554 ms] [worker-5  ] RESOURCE_ACQUIRED  job=J02 resource=PRINTER waited=3ms
[    2734 ms] [worker-4  ] WORK_FINISHED      job=J04
[    2734 ms] [worker-3  ] WORK_FINISHED      job=J03
[    2734 ms] [worker-4  ] RESOURCE_WAIT      job=J04 resource=DATABASE
[    2734 ms] [worker-4  ] RESOURCE_ACQUIRED  job=J04 resource=DATABASE waited=0ms
[    2734 ms] [worker-3  ] JOB_COMPLETED      job=J03
[    2734 ms] [worker-3  ] JOB_STARTED        job=J08 priority=1
[    2935 ms] [worker-1  ] WORK_FINISHED      job=J05
[    2935 ms] [worker-1  ] RESOURCE_WAIT      job=J05 resource=PRINTER
[    3061 ms] [monitor   ] MONITOR            ready=4 running=0 completed=2 printer=1/1  database=1/2
[    3249 ms] [worker-2  ] WORK_FINISHED      job=J07
[    3249 ms] [worker-2  ] RESOURCE_WAIT      job=J07 resource=PRINTER
[    3341 ms] [worker-3  ] WORK_FINISHED      job=J08
[    3342 ms] [worker-3  ] RESOURCE_WAIT      job=J08 resource=PRINTER
[    3748 ms] [worker-4  ] RESOURCE_RELEASED  job=J04 resource=DATABASE
[    3748 ms] [worker-4  ] JOB_COMPLETED      job=J04
[    3748 ms] [worker-4  ] JOB_STARTED        job=J09 priority=1
[    3755 ms] [worker-5  ] RESOURCE_RELEASED  job=J02 resource=PRINTER
[    3755 ms] [worker-1  ] RESOURCE_ACQUIRED  job=J05 resource=PRINTER waited=820ms
[    3755 ms] [worker-5  ] JOB_COMPLETED      job=J02
[    3755 ms] [worker-5  ] JOB_STARTED        job=J10 priority=2
[    4067 ms] [monitor   ] MONITOR            ready=2 running=0 completed=4 printer=1/1  database=0/2
[    4367 ms] [worker-5  ] WORK_FINISHED      job=J10
[    4367 ms] [worker-5  ] JOB_COMPLETED      job=J10
[    4367 ms] [worker-5  ] JOB_STARTED        job=J06 priority=4
[    4461 ms] [worker-4  ] WORK_FINISHED      job=J09
[    4461 ms] [worker-4  ] RESOURCE_WAIT      job=J09 resource=DATABASE
[    4461 ms] [worker-4  ] RESOURCE_ACQUIRED  job=J09 resource=DATABASE waited=0ms
[    4955 ms] [worker-2  ] RESOURCE_ACQUIRED  job=J07 resource=PRINTER waited=1706ms
[    4956 ms] [worker-1  ] RESOURCE_RELEASED  job=J05 resource=PRINTER
[    4956 ms] [worker-1  ] JOB_COMPLETED      job=J05
[    4956 ms] [worker-1  ] SYSTEM             worker-1 finished, no more jobs
[    5077 ms] [monitor   ] MONITOR            ready=1 running=0 completed=6 printer=1/1  database=1/2
[    5376 ms] [worker-4  ] RESOURCE_RELEASED  job=J09 resource=DATABASE
[    5376 ms] [worker-4  ] JOB_COMPLETED      job=J09
[    5376 ms] [worker-4  ] SYSTEM             worker-4 finished, no more jobs
[    5856 ms] [worker-2  ] RESOURCE_RELEASED  job=J07 resource=PRINTER
[    5856 ms] [worker-2  ] JOB_COMPLETED      job=J07
[    5856 ms] [worker-3  ] RESOURCE_ACQUIRED  job=J08 resource=PRINTER waited=2515ms
[    5856 ms] [worker-2  ] SYSTEM             worker-2 finished, no more jobs
[    6082 ms] [monitor   ] MONITOR            ready=1 running=0 completed=8 printer=1/1  database=0/2
[    6758 ms] [worker-3  ] RESOURCE_RELEASED  job=J08 resource=PRINTER
[    6758 ms] [worker-3  ] JOB_COMPLETED      job=J08
[    6758 ms] [worker-3  ] SYSTEM             worker-3 finished, no more jobs
[    6769 ms] [worker-5  ] WORK_FINISHED      job=J06
[    6769 ms] [worker-5  ] RESOURCE_WAIT      job=J06 resource=DATABASE
[    6769 ms] [worker-5  ] RESOURCE_ACQUIRED  job=J06 resource=DATABASE waited=0ms
[    7097 ms] [monitor   ] MONITOR            ready=1 running=0 completed=9 printer=0/1  database=1/2
[    7774 ms] [worker-5  ] RESOURCE_RELEASED  job=J06 resource=DATABASE
[    7774 ms] [worker-5  ] JOB_COMPLETED      job=J06
[    7774 ms] [worker-5  ] SYSTEM             worker-5 finished, no more jobs
Average Waiting Time: 1128.00 ms
Average Turnaround Time: 4084.00 ms
Throughput: 1.29 jobs/sec
Average Resource Wait Time: 720.00 ms
[    7778 ms] [main      ] SYSTEM_STOP        completed=10/10
