[      19 ms] [main      ] SYSTEM_START       workload=workloads/jobs_standard.csv policy=priority workers=3 printer=1 database=2
[      23 ms] [main      ] SYSTEM             ?????????? 10 ????
[      29 ms] [generator ] JOB_ARRIVED        job=J01 priority=5 work=2500ms
[      34 ms] [scheduler ] SYSTEM             job=J01 READY
[      34 ms] [worker-1  ] JOB_STARTED        job=J01 priority=5
[      39 ms] [monitor   ] MONITOR            ready=0 running=0 completed=0 printer=0/1  database=0/2
[     129 ms] [generator ] JOB_ARRIVED        job=J02 priority=5 work=2400ms resource=PRINTER(1200ms)
[     131 ms] [scheduler ] SYSTEM             job=J02 READY
[     132 ms] [worker-2  ] JOB_STARTED        job=J02 priority=5
[     229 ms] [generator ] JOB_ARRIVED        job=J03 priority=5 work=2500ms
[     229 ms] [scheduler ] SYSTEM             job=J03 READY
[     229 ms] [worker-3  ] JOB_STARTED        job=J03 priority=5
[     329 ms] [generator ] JOB_ARRIVED        job=J04 priority=5 work=2400ms resource=DATABASE(1000ms)
[     329 ms] [scheduler ] SYSTEM             job=J04 READY
[     429 ms] [generator ] JOB_ARRIVED        job=J05 priority=5 work=2500ms resource=PRINTER(1200ms)
[     429 ms] [scheduler ] SYSTEM             job=J05 READY
[     529 ms] [generator ] JOB_ARRIVED        job=J06 priority=4 work=2400ms resource=DATABASE(1000ms)
[     529 ms] [scheduler ] SYSTEM             job=J06 READY
[    1030 ms] [generator ] JOB_ARRIVED        job=J07 priority=1 work=700ms resource=PRINTER(900ms)
[    1030 ms] [scheduler ] SYSTEM             job=J07 READY
[    1041 ms] [monitor   ] MONITOR            ready=4 running=0 completed=0 printer=0/1  database=0/2
[    1228 ms] [generator ] JOB_ARRIVED        job=J08 priority=1 work=600ms resource=PRINTER(900ms)
[    1228 ms] [scheduler ] SYSTEM             job=J08 READY
[    1431 ms] [generator ] JOB_ARRIVED        job=J09 priority=1 work=700ms resource=DATABASE(900ms)
[    1431 ms] [scheduler ] SYSTEM             job=J09 READY
[    1629 ms] [generator ] JOB_ARRIVED        job=J10 priority=2 work=600ms
[    1629 ms] [scheduler ] SYSTEM             job=J10 READY
[    2042 ms] [monitor   ] MONITOR            ready=8 running=0 completed=0 printer=0/1  database=0/2
[    2545 ms] [worker-1  ] WORK_FINISHED      job=J01
[    2545 ms] [worker-2  ] WORK_FINISHED      job=J02
[    2545 ms] [worker-1  ] JOB_COMPLETED      job=J01
[    2546 ms] [worker-1  ] JOB_STARTED        job=J07 priority=1
[    2550 ms] [worker-2  ] RESOURCE_WAIT      job=J02 resource=PRINTER
[    2555 ms] [worker-2  ] RESOURCE_ACQUIRED  job=J02 resource=PRINTER waited=5ms
[    2731 ms] [worker-3  ] WORK_FINISHED      job=J03
[    2731 ms] [worker-3  ] JOB_COMPLETED      job=J03
[    2731 ms] [worker-3  ] JOB_STARTED        job=J08 priority=1
[    3057 ms] [monitor   ] MONITOR            ready=6 running=0 completed=2 printer=1/1  database=0/2
[    3258 ms] [worker-1  ] WORK_FINISHED      job=J07
[    3258 ms] [worker-1  ] RESOURCE_WAIT      job=J07 resource=PRINTER
[    3337 ms] [worker-3  ] WORK_FINISHED      job=J08
[    3337 ms] [worker-3  ] RESOURCE_WAIT      job=J08 resource=PRINTER
[    3772 ms] [worker-1  ] RESOURCE_ACQUIRED  job=J07 resource=PRINTER waited=514ms
[    3772 ms] [worker-2  ] RESOURCE_RELEASED  job=J02 resource=PRINTER
[    3772 ms] [worker-2  ] JOB_COMPLETED      job=J02
[    3773 ms] [worker-2  ] JOB_STARTED        job=J09 priority=1
[    4068 ms] [monitor   ] MONITOR            ready=5 running=0 completed=3 printer=1/1  database=0/2
[    4474 ms] [worker-2  ] WORK_FINISHED      job=J09
[    4474 ms] [worker-2  ] RESOURCE_WAIT      job=J09 resource=DATABASE
[    4474 ms] [worker-2  ] RESOURCE_ACQUIRED  job=J09 resource=DATABASE waited=0ms
[    4675 ms] [worker-1  ] RESOURCE_RELEASED  job=J07 resource=PRINTER
[    4675 ms] [worker-3  ] RESOURCE_ACQUIRED  job=J08 resource=PRINTER waited=1338ms
[    4676 ms] [worker-1  ] JOB_COMPLETED      job=J07
[    4676 ms] [worker-1  ] JOB_STARTED        job=J10 priority=2
[    5070 ms] [monitor   ] MONITOR            ready=4 running=0 completed=4 printer=1/1  database=1/2
[    5287 ms] [worker-1  ] WORK_FINISHED      job=J10
[    5288 ms] [worker-1  ] JOB_COMPLETED      job=J10
[    5288 ms] [worker-1  ] JOB_STARTED        job=J06 priority=4
[    5382 ms] [worker-2  ] RESOURCE_RELEASED  job=J09 resource=DATABASE
[    5382 ms] [worker-2  ] JOB_COMPLETED      job=J09
[    5382 ms] [worker-2  ] JOB_STARTED        job=J04 priority=5
[    5586 ms] [worker-3  ] RESOURCE_RELEASED  job=J08 resource=PRINTER
[    5586 ms] [worker-3  ] JOB_COMPLETED      job=J08
[    5586 ms] [worker-3  ] JOB_STARTED        job=J05 priority=5
[    6078 ms] [monitor   ] MONITOR            ready=1 running=0 completed=7 printer=0/1  database=0/2
[    7093 ms] [monitor   ] MONITOR            ready=1 running=0 completed=7 printer=0/1  database=0/2
[    7691 ms] [worker-1  ] WORK_FINISHED      job=J06
[    7692 ms] [worker-1  ] RESOURCE_WAIT      job=J06 resource=DATABASE
[    7692 ms] [worker-1  ] RESOURCE_ACQUIRED  job=J06 resource=DATABASE waited=1ms
[    7790 ms] [worker-2  ] WORK_FINISHED      job=J04
[    7790 ms] [worker-2  ] RESOURCE_WAIT      job=J04 resource=DATABASE
[    7791 ms] [worker-2  ] RESOURCE_ACQUIRED  job=J04 resource=DATABASE waited=1ms
[    8088 ms] [worker-3  ] WORK_FINISHED      job=J05
[    8088 ms] [worker-3  ] RESOURCE_WAIT      job=J05 resource=PRINTER
[    8088 ms] [worker-3  ] RESOURCE_ACQUIRED  job=J05 resource=PRINTER waited=0ms
[    8103 ms] [monitor   ] MONITOR            ready=1 running=0 completed=7 printer=1/1  database=2/2
[    8695 ms] [worker-1  ] RESOURCE_RELEASED  job=J06 resource=DATABASE
[    8695 ms] [worker-1  ] JOB_COMPLETED      job=J06
[    8696 ms] [worker-1  ] SYSTEM             worker-1 finished, no more jobs
[    8801 ms] [worker-2  ] RESOURCE_RELEASED  job=J04 resource=DATABASE
[    8801 ms] [worker-2  ] JOB_COMPLETED      job=J04
[    8801 ms] [worker-2  ] SYSTEM             worker-2 finished, no more jobs
[    9116 ms] [monitor   ] MONITOR            ready=1 running=0 completed=9 printer=1/1  database=0/2
[    9303 ms] [worker-3  ] RESOURCE_RELEASED  job=J05 resource=PRINTER
[    9303 ms] [worker-3  ] JOB_COMPLETED      job=J05
[    9303 ms] [worker-3  ] SYSTEM             worker-3 finished, no more jobs
Average Waiting Time: 2338.00 ms
Average Turnaround Time: 4978.00 ms
Throughput: 1.08 jobs/sec
Average Resource Wait Time: 265.00 ms
[    9305 ms] [main      ] SYSTEM_STOP        completed=10/10
