[      20 ms] [main      ] SYSTEM_START       workload=workloads/jobs_standard.csv policy=fcfs workers=3 printer=1 database=2
[      25 ms] [main      ] SYSTEM             ?????????? 10 ????
[      30 ms] [generator ] JOB_ARRIVED        job=J01 priority=5 work=2500ms
[      35 ms] [scheduler ] SYSTEM             job=J01 READY
[      36 ms] [worker-1  ] JOB_STARTED        job=J01 priority=5
[      39 ms] [monitor   ] MONITOR            ready=0 running=0 completed=0 printer=0/1  database=0/2
[     130 ms] [generator ] JOB_ARRIVED        job=J02 priority=5 work=2400ms resource=PRINTER(1200ms)
[     133 ms] [scheduler ] SYSTEM             job=J02 READY
[     133 ms] [worker-2  ] JOB_STARTED        job=J02 priority=5
[     230 ms] [generator ] JOB_ARRIVED        job=J03 priority=5 work=2500ms
[     231 ms] [scheduler ] SYSTEM             job=J03 READY
[     231 ms] [worker-3  ] JOB_STARTED        job=J03 priority=5
[     330 ms] [generator ] JOB_ARRIVED        job=J04 priority=5 work=2400ms resource=DATABASE(1000ms)
[     331 ms] [scheduler ] SYSTEM             job=J04 READY
[     430 ms] [generator ] JOB_ARRIVED        job=J05 priority=5 work=2500ms resource=PRINTER(1200ms)
[     430 ms] [scheduler ] SYSTEM             job=J05 READY
[     535 ms] [generator ] JOB_ARRIVED        job=J06 priority=4 work=2400ms resource=DATABASE(1000ms)
[     535 ms] [scheduler ] SYSTEM             job=J06 READY
[    1031 ms] [generator ] JOB_ARRIVED        job=J07 priority=1 work=700ms resource=PRINTER(900ms)
[    1031 ms] [scheduler ] SYSTEM             job=J07 READY
[    1041 ms] [monitor   ] MONITOR            ready=4 running=0 completed=0 printer=0/1  database=0/2
[    1231 ms] [generator ] JOB_ARRIVED        job=J08 priority=1 work=600ms resource=PRINTER(900ms)
[    1232 ms] [scheduler ] SYSTEM             job=J08 READY
[    1430 ms] [generator ] JOB_ARRIVED        job=J09 priority=1 work=700ms resource=DATABASE(900ms)
[    1431 ms] [scheduler ] SYSTEM             job=J09 READY
[    1630 ms] [generator ] JOB_ARRIVED        job=J10 priority=2 work=600ms
[    1631 ms] [scheduler ] SYSTEM             job=J10 READY
[    2043 ms] [monitor   ] MONITOR            ready=8 running=0 completed=0 printer=0/1  database=0/2
[    2540 ms] [worker-2  ] WORK_FINISHED      job=J02
[    2540 ms] [worker-1  ] WORK_FINISHED      job=J01
[    2541 ms] [worker-1  ] JOB_COMPLETED      job=J01
[    2541 ms] [worker-1  ] JOB_STARTED        job=J04 priority=5
[    2545 ms] [worker-2  ] RESOURCE_WAIT      job=J02 resource=PRINTER
[    2550 ms] [worker-2  ] RESOURCE_ACQUIRED  job=J02 resource=PRINTER waited=5ms
[    2733 ms] [worker-3  ] WORK_FINISHED      job=J03
[    2733 ms] [worker-3  ] JOB_COMPLETED      job=J03
[    2734 ms] [worker-3  ] JOB_STARTED        job=J05 priority=5
[    3044 ms] [monitor   ] MONITOR            ready=6 running=0 completed=2 printer=1/1  database=0/2
[    3755 ms] [worker-2  ] RESOURCE_RELEASED  job=J02 resource=PRINTER
[    3755 ms] [worker-2  ] JOB_COMPLETED      job=J02
[    3756 ms] [worker-2  ] JOB_STARTED        job=J06 priority=4
[    4049 ms] [monitor   ] MONITOR            ready=5 running=0 completed=3 printer=0/1  database=0/2
[    4947 ms] [worker-1  ] WORK_FINISHED      job=J04
[    4947 ms] [worker-1  ] RESOURCE_WAIT      job=J04 resource=DATABASE
[    4947 ms] [worker-1  ] RESOURCE_ACQUIRED  job=J04 resource=DATABASE waited=0ms
[    5059 ms] [monitor   ] MONITOR            ready=5 running=0 completed=3 printer=0/1  database=1/2
[    5236 ms] [worker-3  ] WORK_FINISHED      job=J05
[    5236 ms] [worker-3  ] RESOURCE_WAIT      job=J05 resource=PRINTER
[    5236 ms] [worker-3  ] RESOURCE_ACQUIRED  job=J05 resource=PRINTER waited=0ms
[    5951 ms] [worker-1  ] RESOURCE_RELEASED  job=J04 resource=DATABASE
[    5951 ms] [worker-1  ] JOB_COMPLETED      job=J04
[    5952 ms] [worker-1  ] JOB_STARTED        job=J07 priority=1
[    6063 ms] [monitor   ] MONITOR            ready=4 running=0 completed=4 printer=1/1  database=0/2
[    6159 ms] [worker-2  ] WORK_FINISHED      job=J06
[    6159 ms] [worker-2  ] RESOURCE_WAIT      job=J06 resource=DATABASE
[    6159 ms] [worker-2  ] RESOURCE_ACQUIRED  job=J06 resource=DATABASE waited=0ms
[    6437 ms] [worker-3  ] RESOURCE_RELEASED  job=J05 resource=PRINTER
[    6438 ms] [worker-3  ] JOB_COMPLETED      job=J05
[    6438 ms] [worker-3  ] JOB_STARTED        job=J08 priority=1
[    6660 ms] [worker-1  ] WORK_FINISHED      job=J07
[    6661 ms] [worker-1  ] RESOURCE_WAIT      job=J07 resource=PRINTER
[    6661 ms] [worker-1  ] RESOURCE_ACQUIRED  job=J07 resource=PRINTER waited=0ms
[    7050 ms] [worker-3  ] WORK_FINISHED      job=J08
[    7050 ms] [worker-3  ] RESOURCE_WAIT      job=J08 resource=PRINTER
[    7066 ms] [monitor   ] MONITOR            ready=3 running=0 completed=5 printer=1/1  database=1/2
[    7162 ms] [worker-2  ] RESOURCE_RELEASED  job=J06 resource=DATABASE
[    7162 ms] [worker-2  ] JOB_COMPLETED      job=J06
[    7163 ms] [worker-2  ] JOB_STARTED        job=J09 priority=1
[    7570 ms] [worker-1  ] RESOURCE_RELEASED  job=J07 resource=PRINTER
[    7570 ms] [worker-3  ] RESOURCE_ACQUIRED  job=J08 resource=PRINTER waited=520ms
[    7570 ms] [worker-1  ] JOB_COMPLETED      job=J07
[    7571 ms] [worker-1  ] JOB_STARTED        job=J10 priority=2
[    7876 ms] [worker-2  ] WORK_FINISHED      job=J09
[    7876 ms] [worker-2  ] RESOURCE_WAIT      job=J09 resource=DATABASE
[    7877 ms] [worker-2  ] RESOURCE_ACQUIRED  job=J09 resource=DATABASE waited=1ms
[    8073 ms] [monitor   ] MONITOR            ready=1 running=0 completed=7 printer=1/1  database=1/2
[    8184 ms] [worker-1  ] WORK_FINISHED      job=J10
[    8184 ms] [worker-1  ] JOB_COMPLETED      job=J10
[    8184 ms] [worker-1  ] SYSTEM             worker-1 finished, no more jobs
[    8471 ms] [worker-3  ] RESOURCE_RELEASED  job=J08 resource=PRINTER
[    8472 ms] [worker-3  ] JOB_COMPLETED      job=J08
[    8472 ms] [worker-3  ] SYSTEM             worker-3 finished, no more jobs
[    8781 ms] [worker-2  ] RESOURCE_RELEASED  job=J09 resource=DATABASE
[    8782 ms] [worker-2  ] JOB_COMPLETED      job=J09
[    8782 ms] [worker-2  ] SYSTEM             worker-2 finished, no more jobs
Average Waiting Time: 2954.00 ms
Average Turnaround Time: 5458.00 ms
Throughput: 1.14 jobs/sec
Average Resource Wait Time: 75.00 ms
[    8787 ms] [main      ] SYSTEM_STOP        completed=10/10
